Processing heltec_wifi_lora_32_V2 (platform: espressif32; board: heltec_wifi_lora_32_V2; framework: arduino)
--------------------------------------------------------------------------------
Tool Manager: Installing platformio/framework-arduinoespressif32 @ ~3.20017.0
Downloading 0% 10% 20% 30% 40% 50% 60% 70% 80% 90% 100%
Unpacking 0% 10% 20% 30% 40% 50% 60% 70% 80% 90% 100%
Tool Manager: framework-arduinoespressif32@3.20017.241212+sha.dcc1105b has been installed!
Tool Manager: Installing platformio/tool-esptoolpy @ ~2.40900.0
Downloading 0% 10% 20% 30% 40% 50% 60% 70% 80% 90% 100%
Unpacking 0% 10% 20% 30% 40% 50% 60% 70% 80% 90% 100%
Collecting cryptography~=45.0.3
  Downloading cryptography-45.0.7-cp311-abi3-win_amd64.whl.metadata (5.7 kB)
Collecting ecdsa~=0.19.1
  Downloading ecdsa-0.19.1-py2.py3-none-any.whl.metadata (29 kB)
Collecting bitstring~=4.3.1
  Downloading bitstring-4.3.1-py3-none-any.whl.metadata (5.3 kB)
Collecting reedsolo~=1.7.0
  Downloading reedsolo-1.7.0-py3-none-any.whl.metadata (23 kB)
Collecting intelhex~=2.3.0
  Downloading intelhex-2.3.0-py2.py3-none-any.whl.metadata (2.7 kB)
Collecting cffi>=1.14 (from cryptography~=45.0.3)
  Downloading cffi-2.0.0-cp312-cp312-win_amd64.whl.metadata (2.6 kB)
Collecting six>=1.9.0 (from ecdsa~=0.19.1)
  Downloading six-1.17.0-py2.py3-none-any.whl.metadata (1.7 kB)
Collecting bitarray<4.0,>=3.0.0 (from bitstring~=4.3.1)
  Downloading bitarray-3.8.0-cp312-cp312-win_amd64.whl.metadata (35 kB)
Collecting pycparser (from cffi>=1.14->cryptography~=45.0.3)
  Downloading pycparser-2.23-py3-none-any.whl.metadata (993 bytes)
Downloading cryptography-45.0.7-cp311-abi3-win_amd64.whl (3.4 MB)
   ---------------------------------------- 3.4/3.4 MB 1.3 MB/s eta 0:00:00
Downloading ecdsa-0.19.1-py2.py3-none-any.whl (150 kB)
Downloading bitstring-4.3.1-py3-none-any.whl (71 kB)
Downloading reedsolo-1.7.0-py3-none-any.whl (32 kB)
Downloading intelhex-2.3.0-py2.py3-none-any.whl (50 kB)
Downloading bitarray-3.8.0-cp312-cp312-win_amd64.whl (149 kB)
Downloading cffi-2.0.0-cp312-cp312-win_amd64.whl (183 kB)
Downloading six-1.17.0-py2.py3-none-any.whl (11 kB)
Downloading pycparser-2.23-py3-none-any.whl (118 kB)
Installing collected packages: reedsolo, intelhex, bitarray, six, pycparser, bitstring, ecdsa, cffi, cryptography
Successfully installed bitarray-3.8.0 bitstring-4.3.1 cffi-2.0.0 cryptography-45.0.7 ecdsa-0.19.1 intelhex-2.3.0 pycparser-2.23 reedsolo-1.7.0 six-1.17.0
pio : 
At line:1 char:222
+ ... ronment]::GetEnvironmentVariable("Path","User"); pio run 2>&1 | Tee-O ...
+                                                      ~~~~~~~~~~~~
    + CategoryInfo          : NotSpecified: (:String) [], RemoteException
    + FullyQualifiedErrorId : NativeCommandError
 
[notice] A new release of pip is available: 25.0.1 -> 25.3
[notice] To update, run: python.exe -m pip install --upgrade pip
Tool Manager: tool-esptoolpy@2.40900.250804 has been installed!
Tool Manager: Installing platformio/tool-scons @ ~4.40801.0
Downloading 0% 10% 20% 30% 40% 50% 60% 70% 80% 90% 100%
Unpacking 0% 10% 20% 30% 40% 50% 60% 70% 80% 90% 100%
Tool Manager: tool-scons@4.40801.0 has been installed!
Library Manager: Installing mikalhart/TinyGPSPlus @ ^1.0.3
Downloading 0% 10% 20% 30% 40% 50%
Unpacking 0% 10% 20% 30% 40% 50% 60% 70% 80% 90% 100%
Library Manager: TinyGPSPlus@1.1.0 has been installed!
Library Manager: Installing budryerson/TFLI2C @ ^0.2.0
Downloading 0% 10%
Unpacking 0% 10% 20% 30% 40% 50% 60% 70%
Library Manager: TFLI2C@0.2.0 has been installed!
Library Manager: Installing mcci-catena/MCCI LoRaWAN LMIC library @ ^4.1.1
Downloading 0% 10% 20% 30% 40% 50% 60% 70% 80% 90% 100%
Unpacking 0% 10% 20% 30% 40% 50% 60% 70% 80% 90% 100%
Library Manager: MCCI LoRaWAN LMIC library@4.1.1 has been installed!
Verbose mode can be enabled via `-v, --verbose` option
CONFIGURATION: https://docs.platformio.org/page/boards/espressif32/heltec_wifi_lora_32_V2.html
PLATFORM: Espressif 32 (6.12.0) > Heltec WiFi LoRa 32 (V2)
HARDWARE: ESP32 240MHz, 320KB RAM, 8MB Flash
DEBUG: Current (cmsis-dap) External (cmsis-dap, esp-bridge, esp-prog, iot-bus-jtag, jlink, minimodule, olimex-arm-usb-ocd, olimex-arm-usb-ocd-h, olimex-arm-usb-tiny-h, olimex-jtag-tiny, tumpa)
PACKAGES: 
 - framework-arduinoespressif32 @ 3.20017.241212+sha.dcc1105b 
 - tool-esptoolpy @ 2.40900.250804 (4.9.0) 
 - toolchain-xtensa-esp32 @ 8.4.0+2021r2-patch5
LDF: Library Dependency Finder -> https://bit.ly/configure-pio-ldf
LDF Modes: Finder ~ chain, Compatibility ~ soft
Found 36 compatible libraries
Scanning dependencies...
Dependency Graph
|-- TinyGPSPlus @ 1.1.0
|-- TFLI2C @ 0.2.0
|-- MCCI LoRaWAN LMIC library @ 4.1.1
|-- SPI @ 2.0.0
|-- Wire @ 2.0.0
Building in release mode
Compiling .pio\build\heltec_wifi_lora_32_V2\src\main.cpp.o
Building .pio\build\heltec_wifi_lora_32_V2\bootloader.bin
Generating partitions .pio\build\heltec_wifi_lora_32_V2\partitions.bin
Compiling .pio\build\heltec_wifi_lora_32_V2\liba7c\TinyGPSPlus\TinyGPS++.cpp.o
Compiling .pio\build\heltec_wifi_lora_32_V2\lib9d4\Wire\Wire.cpp.o
Compiling .pio\build\heltec_wifi_lora_32_V2\lib618\TFLI2C\TFLI2C.cpp.o
esptool.py v4.9.0
Creating esp32 image...
Merged 1 ELF section
Successfully created esp32 image.
Compiling .pio\build\heltec_wifi_lora_32_V2\lib099\SPI\SPI.cpp.o
Compiling .pio\build\heltec_wifi_lora_32_V2\lib99b\MCCI LoRaWAN LMIC library\aes\ideetron\AES-128_V10.cpp.o
Compiling .pio\build\heltec_wifi_lora_32_V2\lib99b\MCCI LoRaWAN LMIC library\aes\lmic.c.o
Compiling .pio\build\heltec_wifi_lora_32_V2\lib99b\MCCI LoRaWAN LMIC library\aes\other.c.o
Compiling .pio\build\heltec_wifi_lora_32_V2\lib99b\MCCI LoRaWAN LMIC library\hal\getpinmap_catena4420.cpp.o
In file included from .pio/libdeps/heltec_wifi_lora_32_V2/MCCI LoRaWAN LMIC library/src/aes/ideetron/../../lmic/oslmic.h:37,
                 from .pio/libdeps/heltec_wifi_lora_32_V2/MCCI LoRaWAN LMIC library/src/aes/ideetron/AES-128_V10.cpp:44:
.pio/libdeps/heltec_wifi_lora_32_V2/MCCI LoRaWAN LMIC library/src/aes/ideetron/../../lmic/config.h:42:3: error: #error "Internal error: Neither EU-like nor US-like!"
 # error "Internal error: Neither EU-like nor US-like!"
   ^~~~~
.pio/libdeps/heltec_wifi_lora_32_V2/MCCI LoRaWAN LMIC library/src/aes/ideetron/../../lmic/config.h:54:3: warning: #warning Target radio not defined, assuming CFG_sx1276_radio [-Wcpp]
 # warning Target radio not defined, assuming CFG_sx1276_radio
   ^~~~~~~
Compiling .pio\build\heltec_wifi_lora_32_V2\lib99b\MCCI LoRaWAN LMIC library\hal\getpinmap_catena4551.cpp.o
Compiling .pio\build\heltec_wifi_lora_32_V2\lib99b\MCCI LoRaWAN LMIC library\hal\getpinmap_catena4610.cpp.o
Compiling .pio\build\heltec_wifi_lora_32_V2\lib99b\MCCI LoRaWAN LMIC library\hal\getpinmap_catena4611.cpp.o
*** [.pio\build\heltec_wifi_lora_32_V2\lib99b\MCCI LoRaWAN LMIC library\aes\ideetron\AES-128_V10.cpp.o] Error 1
In file included from .pio/libdeps/heltec_wifi_lora_32_V2/MCCI LoRaWAN LMIC library/src/aes/../lmic/oslmic.h:37,
                 from .pio/libdeps/heltec_wifi_lora_32_V2/MCCI LoRaWAN LMIC library/src/aes/other.c:30:
.pio/libdeps/heltec_wifi_lora_32_V2/MCCI LoRaWAN LMIC library/src/aes/../lmic/config.h:42:3: error: #error "Internal error: Neither EU-like nor US-like!"
 # error "Internal error: Neither EU-like nor US-like!"
   ^~~~~
.pio/libdeps/heltec_wifi_lora_32_V2/MCCI LoRaWAN LMIC library/src/aes/../lmic/config.h:54:3: warning: #warning Target radio not defined, assuming CFG_sx1276_radio [-Wcpp]
 # warning Target radio not defined, assuming CFG_sx1276_radio
   ^~~~~~~
In file included from .pio/libdeps/heltec_wifi_lora_32_V2/MCCI LoRaWAN LMIC library/src/aes/../lmic/oslmic.h:37,
                 from .pio/libdeps/heltec_wifi_lora_32_V2/MCCI LoRaWAN LMIC library/src/aes/lmic.c:28:
.pio/libdeps/heltec_wifi_lora_32_V2/MCCI LoRaWAN LMIC library/src/aes/../lmic/config.h:42:3: error: #error "Internal error: Neither EU-like nor US-like!"
 # error "Internal error: Neither EU-like nor US-like!"
   ^~~~~
.pio/libdeps/heltec_wifi_lora_32_V2/MCCI LoRaWAN LMIC library/src/aes/../lmic/config.h:54:3: warning: #warning Target radio not defined, assuming CFG_sx1276_radio [-Wcpp]
 # warning Target radio not defined, assuming CFG_sx1276_radio
   ^~~~~~~
*** [.pio\build\heltec_wifi_lora_32_V2\lib99b\MCCI LoRaWAN LMIC library\aes\lmic.c.o] Error 1
*** [.pio\build\heltec_wifi_lora_32_V2\lib99b\MCCI LoRaWAN LMIC library\aes\other.c.o] Error 1
In file included from .pio/libdeps/heltec_wifi_lora_32_V2/MCCI LoRaWAN LMIC library/src/lmic/oslmic.h:37,
                 from .pio/libdeps/heltec_wifi_lora_32_V2/MCCI LoRaWAN LMIC library/src/lmic/lmic.h:36,
                 from .pio/libdeps/heltec_wifi_lora_32_V2/MCCI LoRaWAN LMIC library/src/arduino_lmic.h:26,
                 from .pio/libdeps/heltec_wifi_lora_32_V2/MCCI LoRaWAN LMIC library/src/lmic.h:28,
                 from src/main.cpp:14:
.pio/libdeps/heltec_wifi_lora_32_V2/MCCI LoRaWAN LMIC library/src/lmic/config.h:42:3: error: #error "Internal error: Neither EU-like nor US-like!"
 # error "Internal error: Neither EU-like nor US-like!"
   ^~~~~
.pio/libdeps/heltec_wifi_lora_32_V2/MCCI LoRaWAN LMIC library/src/lmic/config.h:54:3: warning: #warning Target radio not defined, assuming CFG_sx1276_radio [-Wcpp]
 # warning Target radio not defined, assuming CFG_sx1276_radio
   ^~~~~~~
In file included from .pio/libdeps/heltec_wifi_lora_32_V2/MCCI LoRaWAN LMIC library/src/lmic/lmic_bandplan_eu868.h:33,
                 from .pio/libdeps/heltec_wifi_lora_32_V2/MCCI LoRaWAN LMIC library/src/lmic/lmic_bandplan.h:37,
                 from .pio/libdeps/heltec_wifi_lora_32_V2/MCCI LoRaWAN LMIC library/src/arduino_lmic.h:27,
                 from .pio/libdeps/heltec_wifi_lora_32_V2/MCCI LoRaWAN LMIC library/src/lmic.h:28,
                 from src/main.cpp:14:
.pio/libdeps/heltec_wifi_lora_32_V2/MCCI LoRaWAN LMIC library/src/lmic/lmic_eu_like.h:38:3: error: #error "lmic not configured for EU-like bandplan"
 # error "lmic not configured for EU-like bandplan"
   ^~~~~
src/main.cpp: In function 'void setup()':
src/main.cpp:120:3: error: 'do_send' was not declared in this scope
   do_send(&sendjob);
   ^~~~~~~
.pio/libdeps/heltec_wifi_lora_32_V2/TFLI2C/src/TFLI2C.cpp: In member function 'bool TFLI2C::readReg(uint8_t, uint8_t)':
.pio/libdeps/heltec_wifi_lora_32_V2/TFLI2C/src/TFLI2C.cpp:248:40: warning: ISO C++ says that these are ambiguous, even though the worst conversion for the first is better than the worst conversion for the 
second:
   Wire.requestFrom( ( int)addr, 1, true);
                                        ^
In file included from .pio/libdeps/heltec_wifi_lora_32_V2/TFLI2C/src/TFLI2C.cpp:35:
C:/Users/Klaus/.platformio/packages/framework-arduinoespressif32/libraries/Wire/src/Wire.h:126:13: note: candidate 1: 'uint8_t TwoWire::requestFrom(int, int, int)'
     uint8_t requestFrom(int address, int size, int sendStop);
             ^~~~~~~~~~~
C:/Users/Klaus/.platformio/packages/framework-arduinoespressif32/libraries/Wire/src/Wire.h:122:12: note: candidate 2: 'size_t TwoWire::requestFrom(uint8_t, size_t, bool)'
     size_t requestFrom(uint8_t address, size_t len, bool stopBit);
            ^~~~~~~~~~~
.pio/libdeps/heltec_wifi_lora_32_V2/TFLI2C/src/TFLI2C.cpp:248:40: warning: ISO C++ says that these are ambiguous, even though the worst conversion for the first is better than the worst conversion for the 
second:
   Wire.requestFrom( ( int)addr, 1, true);
                                        ^
In file included from .pio/libdeps/heltec_wifi_lora_32_V2/TFLI2C/src/TFLI2C.cpp:35:
C:/Users/Klaus/.platformio/packages/framework-arduinoespressif32/libraries/Wire/src/Wire.h:126:13: note: candidate 1: 'uint8_t TwoWire::requestFrom(int, int, int)'
     uint8_t requestFrom(int address, int size, int sendStop);
             ^~~~~~~~~~~
C:/Users/Klaus/.platformio/packages/framework-arduinoespressif32/libraries/Wire/src/Wire.h:120:13: note: candidate 2: 'uint8_t TwoWire::requestFrom(uint16_t, uint8_t, bool)'
     uint8_t requestFrom(uint16_t address, uint8_t size, bool sendStop);
             ^~~~~~~~~~~
.pio/libdeps/heltec_wifi_lora_32_V2/TFLI2C/src/TFLI2C.cpp:248:40: warning: ISO C++ says that these are ambiguous, even though the worst conversion for the first is better than the worst conversion for the 
second:
   Wire.requestFrom( ( int)addr, 1, true);
                                        ^
In file included from .pio/libdeps/heltec_wifi_lora_32_V2/TFLI2C/src/TFLI2C.cpp:35:
C:/Users/Klaus/.platformio/packages/framework-arduinoespressif32/libraries/Wire/src/Wire.h:126:13: note: candidate 1: 'uint8_t TwoWire::requestFrom(int, int, int)'
     uint8_t requestFrom(int address, int size, int sendStop);
             ^~~~~~~~~~~
C:/Users/Klaus/.platformio/packages/framework-arduinoespressif32/libraries/Wire/src/Wire.h:119:12: note: candidate 2: 'size_t TwoWire::requestFrom(uint16_t, size_t, bool)'
     size_t requestFrom(uint16_t address, size_t size, bool sendStop);
            ^~~~~~~~~~~
.pio/libdeps/heltec_wifi_lora_32_V2/TFLI2C/src/TFLI2C.cpp:248:40: warning: ISO C++ says that these are ambiguous, even though the worst conversion for the first is better than the worst conversion for the 
second:
   Wire.requestFrom( ( int)addr, 1, true);
                                        ^
In file included from .pio/libdeps/heltec_wifi_lora_32_V2/TFLI2C/src/TFLI2C.cpp:35:
C:/Users/Klaus/.platformio/packages/framework-arduinoespressif32/libraries/Wire/src/Wire.h:126:13: note: candidate 1: 'uint8_t TwoWire::requestFrom(int, int, int)'
     uint8_t requestFrom(int address, int size, int sendStop);
             ^~~~~~~~~~~
C:/Users/Klaus/.platformio/packages/framework-arduinoespressif32/libraries/Wire/src/Wire.h:122:12: note: candidate 2: 'size_t TwoWire::requestFrom(uint8_t, size_t, bool)'
     size_t requestFrom(uint8_t address, size_t len, bool stopBit);
            ^~~~~~~~~~~
src/main.cpp:120:3: note: suggested alternative: 'va_end'
   do_send(&sendjob);
   ^~~~~~~
   va_end
src/main.cpp: In function 'void onEvent(ev_t)':
src/main.cpp:278:86: error: 'do_send' was not declared in this scope
       os_setTimedCallback(&sendjob, os_getTime()+sec2osticks(LORA_TX_INTERVAL/1000), do_send);
                                                                                      ^~~~~~~
src/main.cpp:278:86: note: suggested alternative: 'va_end'
       os_setTimedCallback(&sendjob, os_getTime()+sec2osticks(LORA_TX_INTERVAL/1000), do_send);
                                                                                      ^~~~~~~
                                                                                      va_end
*** [.pio\build\heltec_wifi_lora_32_V2\src\main.cpp.o] Error 1
========================= [FAILED] Took 134.99 seconds =========================
